arima: 80 hidden tasks, 100 samples each
00:05:57 [1/80] task_1 H=188 paths=100/100 (0.8s, elapsed 0.0m, eta 1m)
00:05:57 [2/80] task_2 H=382 paths=100/100 (0.2s, elapsed 0.0m, eta 1m)
00:05:57 [3/80] task_3 H=813 paths=100/100 (0.4s, elapsed 0.0m, eta 1m)
00:05:58 [4/80] task_4 H=1407 paths=100/100 (0.5s, elapsed 0.0m, eta 1m)
00:05:58 [5/80] task_5 H=813 paths=100/100 (0.2s, elapsed 0.0m, eta 1m)
00:05:59 [6/80] task_6 H=1425 paths=100/100 (0.8s, elapsed 0.0m, eta 1m)
00:05:59 [7/80] task_7 H=613 paths=100/100 (0.4s, elapsed 0.1m, eta 1m)
00:06:00 [8/80] task_8 H=1407 paths=100/100 (0.6s, elapsed 0.1m, eta 1m)
/PHShome/ik832/.local/lib/python3.10/site-packages/statsmodels/base/model.py:607: ConvergenceWarning: Maximum Likelihood optimization failed to converge. Check mle_retvals
  warnings.warn("Maximum Likelihood optimization failed to "
00:06:00 [9/80] task_9 H=300 paths=100/100 (0.2s, elapsed 0.1m, eta 1m)
00:06:00 [10/80] task_10 H=362 paths=100/100 (0.1s, elapsed 0.1m, eta 1m)
00:06:00 [11/80] task_11 H=245 paths=100/100 (0.2s, elapsed 0.1m, eta 0m)
00:06:01 [12/80] task_12 H=363 paths=100/100 (0.1s, elapsed 0.1m, eta 0m)
00:06:01 [13/80] task_13 H=184 paths=100/100 (0.2s, elapsed 0.1m, eta 0m)
/PHShome/ik832/.local/lib/python3.10/site-packages/statsmodels/base/model.py:607: ConvergenceWarning: Maximum Likelihood optimization failed to converge. Check mle_retvals
  warnings.warn("Maximum Likelihood optimization failed to "
00:06:01 [14/80] task_14 H=651 paths=100/100 (0.5s, elapsed 0.1m, eta 0m)
/PHShome/ik832/.local/lib/python3.10/site-packages/statsmodels/base/model.py:607: ConvergenceWarning: Maximum Likelihood optimization failed to converge. Check mle_retvals
  warnings.warn("Maximum Likelihood optimization failed to "
00:06:02 [15/80] task_15 H=613 paths=100/100 (0.4s, elapsed 0.1m, eta 0m)
00:06:02 [16/80] task_16 H=436 paths=100/100 (0.1s, elapsed 0.1m, eta 0m)
/PHShome/ik832/.local/lib/python3.10/site-packages/statsmodels/base/model.py:607: ConvergenceWarning: Maximum Likelihood optimization failed to converge. Check mle_retvals
  warnings.warn("Maximum Likelihood optimization failed to "
00:06:02 [17/80] task_17 H=1315 paths=100/100 (0.6s, elapsed 0.1m, eta 0m)
00:06:03 [18/80] task_18 H=1239 paths=100/100 (0.4s, elapsed 0.1m, eta 0m)
00:06:03 [19/80] task_19 H=35 paths=100/100 (0.1s, elapsed 0.1m, eta 0m)
00:06:03 [20/80] task_20 H=59 paths=100/100 (0.1s, elapsed 0.1m, eta 0m)
00:06:03 [21/80] task_21 H=234 paths=100/100 (0.1s, elapsed 0.1m, eta 0m)
00:06:03 [22/80] task_22 H=43 paths=100/100 (0.1s, elapsed 0.1m, eta 0m)
00:06:03 [23/80] task_23 H=43 paths=100/100 (0.0s, elapsed 0.1m, eta 0m)
00:06:03 [24/80] task_24 H=59 paths=100/100 (0.1s, elapsed 0.1m, eta 0m)
00:06:03 [25/80] task_25 H=43 paths=100/100 (0.1s, elapsed 0.1m, eta 0m)
00:06:03 [26/80] task_26 H=90 paths=100/100 (0.1s, elapsed 0.1m, eta 0m)
00:06:03 [27/80] task_27 H=234 paths=100/100 (0.2s, elapsed 0.1m, eta 0m)
00:06:03 [28/80] task_28 H=43 paths=100/100 (0.0s, elapsed 0.1m, eta 0m)
00:06:04 [29/80] task_29 H=43 paths=100/100 (0.0s, elapsed 0.1m, eta 0m)
00:06:04 [30/80] task_30 H=90 paths=100/100 (0.1s, elapsed 0.1m, eta 0m)
00:06:04 [31/80] task_31 H=90 paths=100/100 (0.1s, elapsed 0.1m, eta 0m)
00:06:04 [32/80] task_32 H=63 paths=100/100 (0.1s, elapsed 0.1m, eta 0m)
00:06:04 [33/80] task_33 H=63 paths=100/100 (0.1s, elapsed 0.1m, eta 0m)
00:06:04 [34/80] task_34 H=63 paths=100/100 (0.1s, elapsed 0.1m, eta 0m)
00:06:04 [35/80] task_35 H=203 paths=100/100 (0.2s, elapsed 0.1m, eta 0m)
00:06:04 [36/80] task_36 H=64 paths=100/100 (0.1s, elapsed 0.1m, eta 0m)
00:06:04 [37/80] task_37 H=64 paths=100/100 (0.1s, elapsed 0.1m, eta 0m)
00:06:04 [38/80] task_38 H=92 paths=100/100 (0.1s, elapsed 0.1m, eta 0m)
00:06:04 [39/80] task_39 H=46 paths=100/100 (0.1s, elapsed 0.1m, eta 0m)
00:06:04 [40/80] task_40 H=110 paths=100/100 (0.1s, elapsed 0.1m, eta 0m)
00:06:04 [41/80] task_41 H=46 paths=100/100 (0.1s, elapsed 0.1m, eta 0m)
00:06:05 [42/80] task_241 H=146 paths=100/100 (0.1s, elapsed 0.1m, eta 0m)
00:06:05 [43/80] task_242 H=659 paths=100/100 (0.2s, elapsed 0.1m, eta 0m)
00:06:06 [44/80] task_243 H=2797 paths=100/100 (1.2s, elapsed 0.2m, eta 0m)
/PHShome/ik832/.local/lib/python3.10/site-packages/statsmodels/base/model.py:607: ConvergenceWarning: Maximum Likelihood optimization failed to converge. Check mle_retvals
  warnings.warn("Maximum Likelihood optimization failed to "
00:06:07 [45/80] task_244 H=2798 paths=100/100 (1.2s, elapsed 0.2m, eta 0m)
00:06:08 [46/80] task_245 H=1510 paths=100/100 (0.6s, elapsed 0.2m, eta 0m)
00:06:08 [47/80] task_246 H=852 paths=100/100 (0.2s, elapsed 0.2m, eta 0m)
00:06:08 [48/80] task_247 H=853 paths=100/100 (0.4s, elapsed 0.2m, eta 0m)
00:06:09 [49/80] task_248 H=1511 paths=100/100 (0.7s, elapsed 0.2m, eta 0m)
00:06:10 [50/80] task_249 H=2798 paths=100/100 (1.1s, elapsed 0.2m, eta 0m)
00:06:11 [51/80] task_250 H=1510 paths=100/100 (0.5s, elapsed 0.2m, eta 0m)
00:06:11 [52/80] task_251 H=63 paths=100/100 (0.1s, elapsed 0.3m, eta 0m)
00:06:11 [53/80] task_252 H=63 paths=100/100 (0.1s, elapsed 0.3m, eta 0m)
00:06:11 [54/80] task_253 H=63 paths=100/100 (0.1s, elapsed 0.3m, eta 0m)
00:06:11 [55/80] task_254 H=63 paths=100/100 (0.1s, elapsed 0.3m, eta 0m)
00:06:11 [56/80] task_255 H=63 paths=100/100 (0.1s, elapsed 0.3m, eta 0m)
00:06:11 [57/80] task_256 H=19 paths=100/100 (0.0s, elapsed 0.3m, eta 0m)
00:06:11 [58/80] task_257 H=19 paths=100/100 (0.1s, elapsed 0.3m, eta 0m)
00:06:11 [59/80] task_258 H=16 paths=100/100 (0.1s, elapsed 0.3m, eta 0m)
00:06:11 [60/80] task_259 H=15 paths=100/100 (0.1s, elapsed 0.3m, eta 0m)
/PHShome/ik832/.local/lib/python3.10/site-packages/statsmodels/base/model.py:607: ConvergenceWarning: Maximum Likelihood optimization failed to converge. Check mle_retvals
  warnings.warn("Maximum Likelihood optimization failed to "
/PHShome/ik832/.local/lib/python3.10/site-packages/statsmodels/base/model.py:607: ConvergenceWarning: Maximum Likelihood optimization failed to converge. Check mle_retvals
  warnings.warn("Maximum Likelihood optimization failed to "
00:06:12 [61/80] task_260 H=15 paths=100/100 (0.1s, elapsed 0.3m, eta 0m)
/PHShome/ik832/.local/lib/python3.10/site-packages/statsmodels/base/model.py:607: ConvergenceWarning: Maximum Likelihood optimization failed to converge. Check mle_retvals
  warnings.warn("Maximum Likelihood optimization failed to "
00:06:12 [62/80] task_261 H=70 paths=100/100 (0.1s, elapsed 0.3m, eta 0m)
/PHShome/ik832/.local/lib/python3.10/site-packages/statsmodels/base/model.py:607: ConvergenceWarning: Maximum Likelihood optimization failed to converge. Check mle_retvals
  warnings.warn("Maximum Likelihood optimization failed to "
00:06:12 [63/80] task_262 H=69 paths=100/100 (0.1s, elapsed 0.3m, eta 0m)
00:06:12 [64/80] task_263 H=64 paths=100/100 (0.1s, elapsed 0.3m, eta 0m)
00:06:12 [65/80] task_264 H=83 paths=100/100 (0.1s, elapsed 0.3m, eta 0m)
00:06:12 [66/80] task_265 H=83 paths=100/100 (0.1s, elapsed 0.3m, eta 0m)
00:06:12 [67/80] task_266 H=61 paths=100/100 (0.1s, elapsed 0.3m, eta 0m)
00:06:12 [68/80] task_267 H=61 paths=100/100 (0.1s, elapsed 0.3m, eta 0m)
00:06:12 [69/80] task_268 H=22 paths=100/100 (0.0s, elapsed 0.3m, eta 0m)
00:06:12 [70/80] task_269 H=22 paths=100/100 (0.1s, elapsed 0.3m, eta 0m)
/PHShome/ik832/.local/lib/python3.10/site-packages/statsmodels/base/model.py:607: ConvergenceWarning: Maximum Likelihood optimization failed to converge. Check mle_retvals
  warnings.warn("Maximum Likelihood optimization failed to "
00:06:12 [71/80] task_270 H=27 paths=100/100 (0.1s, elapsed 0.3m, eta 0m)
/PHShome/ik832/.local/lib/python3.10/site-packages/statsmodels/base/model.py:607: ConvergenceWarning: Maximum Likelihood optimization failed to converge. Check mle_retvals
  warnings.warn("Maximum Likelihood optimization failed to "
00:06:13 [72/80] task_271 H=22 paths=100/100 (0.1s, elapsed 0.3m, eta 0m)
00:06:13 [73/80] task_272 H=64 paths=100/100 (0.1s, elapsed 0.3m, eta 0m)
00:06:13 [74/80] task_273 H=170 paths=100/100 (0.1s, elapsed 0.3m, eta 0m)
00:06:13 [75/80] task_274 H=27 paths=100/100 (0.1s, elapsed 0.3m, eta 0m)
00:06:13 [76/80] task_275 H=22 paths=100/100 (0.1s, elapsed 0.3m, eta 0m)
00:06:13 [77/80] task_276 H=21 paths=100/100 (0.1s, elapsed 0.3m, eta 0m)
00:06:13 [78/80] task_277 H=27 paths=100/100 (0.1s, elapsed 0.3m, eta 0m)
00:06:13 [79/80] task_278 H=27 paths=100/100 (0.1s, elapsed 0.3m, eta 0m)
/PHShome/ik832/.local/lib/python3.10/site-packages/statsmodels/base/model.py:607: ConvergenceWarning: Maximum Likelihood optimization failed to converge. Check mle_retvals
  warnings.warn("Maximum Likelihood optimization failed to "
/PHShome/ik832/.local/lib/python3.10/site-packages/statsmodels/base/model.py:607: ConvergenceWarning: Maximum Likelihood optimization failed to converge. Check mle_retvals
  warnings.warn("Maximum Likelihood optimization failed to "
00:06:13 [80/80] task_279 H=26 paths=100/100 (0.1s, elapsed 0.3m, eta 0m)
wrote 80 forecasts to baseline/submissions/arima_zero_shot/forecasts.jsonl
