Warning: You are sending unauthenticated requests to the HF Hub. Please set a HF_TOKEN to enable higher rate limits and faster downloads.
Loading weights:   0%|          | 0/143 [00:00<?, ?it/s]Loading weights:  15%|█▍        | 21/143 [00:00<00:00, 204.07it/s]Loading weights:  43%|████▎     | 61/143 [00:00<00:00, 316.39it/s]Loading weights:  66%|██████▋   | 95/143 [00:00<00:00, 321.00it/s]Loading weights: 100%|██████████| 143/143 [00:00<00:00, 354.31it/s]
/PHShome/ik832/.local/lib/python3.10/site-packages/chronos/chronos_bolt.py:546: UserWarning: We recommend keeping prediction length <= 64. The quality of longer predictions may degrade since the model is not optimized for it. 
  warnings.warn(msg)
[1/80] task_1 H=188 paths=100/100
[2/80] task_2 H=382 paths=100/100
[3/80] task_3 H=813 paths=100/100
[4/80] task_4 H=1407 paths=100/100
[5/80] task_5 H=813 paths=100/100
[6/80] task_6 H=1425 paths=100/100
[7/80] task_7 H=613 paths=100/100
[8/80] task_8 H=1407 paths=100/100
[9/80] task_9 H=300 paths=100/100
[10/80] task_10 H=362 paths=100/100
[11/80] task_11 H=245 paths=100/100
[12/80] task_12 H=363 paths=100/100
[13/80] task_13 H=184 paths=100/100
[14/80] task_14 H=651 paths=100/100
[15/80] task_15 H=613 paths=100/100
[16/80] task_16 H=436 paths=100/100
[17/80] task_17 H=1315 paths=100/100
[18/80] task_18 H=1239 paths=100/100
[19/80] task_19 H=35 paths=100/100
[20/80] task_20 H=59 paths=100/100
[21/80] task_21 H=234 paths=100/100
[22/80] task_22 H=43 paths=100/100
[23/80] task_23 H=43 paths=100/100
[24/80] task_24 H=59 paths=100/100
[25/80] task_25 H=43 paths=100/100
[26/80] task_26 H=90 paths=100/100
[27/80] task_27 H=234 paths=100/100
[28/80] task_28 H=43 paths=100/100
[29/80] task_29 H=43 paths=100/100
[30/80] task_30 H=90 paths=100/100
[31/80] task_31 H=90 paths=100/100
[32/80] task_32 H=63 paths=100/100
[33/80] task_33 H=63 paths=100/100
[34/80] task_34 H=63 paths=100/100
[35/80] task_35 H=203 paths=100/100
[36/80] task_36 H=64 paths=100/100
[37/80] task_37 H=64 paths=100/100
[38/80] task_38 H=92 paths=100/100
[39/80] task_39 H=46 paths=100/100
[40/80] task_40 H=110 paths=100/100
[41/80] task_41 H=46 paths=100/100
[42/80] task_241 H=146 paths=100/100
[43/80] task_242 H=659 paths=100/100
[44/80] task_243 H=2797 paths=100/100
[45/80] task_244 H=2798 paths=100/100
[46/80] task_245 H=1510 paths=100/100
[47/80] task_246 H=852 paths=100/100
[48/80] task_247 H=853 paths=100/100
[49/80] task_248 H=1511 paths=100/100
[50/80] task_249 H=2798 paths=100/100
[51/80] task_250 H=1510 paths=100/100
[52/80] task_251 H=63 paths=100/100
[53/80] task_252 H=63 paths=100/100
[54/80] task_253 H=63 paths=100/100
[55/80] task_254 H=63 paths=100/100
[56/80] task_255 H=63 paths=100/100
[57/80] task_256 H=19 paths=100/100
[58/80] task_257 H=19 paths=100/100
[59/80] task_258 H=16 paths=100/100
[60/80] task_259 H=15 paths=100/100
[61/80] task_260 H=15 paths=100/100
[62/80] task_261 H=70 paths=100/100
[63/80] task_262 H=69 paths=100/100
[64/80] task_263 H=64 paths=100/100
[65/80] task_264 H=83 paths=100/100
[66/80] task_265 H=83 paths=100/100
[67/80] task_266 H=61 paths=100/100
[68/80] task_267 H=61 paths=100/100
[69/80] task_268 H=22 paths=100/100
[70/80] task_269 H=22 paths=100/100
[71/80] task_270 H=27 paths=100/100
[72/80] task_271 H=22 paths=100/100
[73/80] task_272 H=64 paths=100/100
[74/80] task_273 H=170 paths=100/100
[75/80] task_274 H=27 paths=100/100
[76/80] task_275 H=22 paths=100/100
[77/80] task_276 H=21 paths=100/100
[78/80] task_277 H=27 paths=100/100
[79/80] task_278 H=27 paths=100/100
[80/80] task_279 H=26 paths=100/100
wrote forecasts to runs/baselines/chronos_hidden.jsonl
