seasonal_naive: 80 hidden tasks, 100 samples each
14:11:18 [1/80] task_1 H=188 paths=100/100 (0.0s, elapsed 0.0m, eta 0m)
14:11:18 [2/80] task_2 H=382 paths=100/100 (0.0s, elapsed 0.0m, eta 0m)
14:11:19 [3/80] task_3 H=813 paths=100/100 (0.1s, elapsed 0.0m, eta 0m)
14:11:19 [4/80] task_4 H=1407 paths=100/100 (0.1s, elapsed 0.0m, eta 0m)
14:11:19 [5/80] task_5 H=813 paths=100/100 (0.1s, elapsed 0.0m, eta 0m)
14:11:19 [6/80] task_6 H=1425 paths=100/100 (0.1s, elapsed 0.0m, eta 0m)
14:11:19 [7/80] task_7 H=613 paths=100/100 (0.0s, elapsed 0.0m, eta 0m)
14:11:19 [8/80] task_8 H=1407 paths=100/100 (0.1s, elapsed 0.0m, eta 0m)
14:11:19 [9/80] task_9 H=300 paths=100/100 (0.0s, elapsed 0.0m, eta 0m)
14:11:19 [10/80] task_10 H=362 paths=100/100 (0.0s, elapsed 0.0m, eta 0m)
14:11:19 [11/80] task_11 H=245 paths=100/100 (0.0s, elapsed 0.0m, eta 0m)
14:11:19 [12/80] task_12 H=363 paths=100/100 (0.0s, elapsed 0.0m, eta 0m)
14:11:19 [13/80] task_13 H=184 paths=100/100 (0.0s, elapsed 0.0m, eta 0m)
14:11:19 [14/80] task_14 H=651 paths=100/100 (0.0s, elapsed 0.0m, eta 0m)
14:11:19 [15/80] task_15 H=613 paths=100/100 (0.0s, elapsed 0.0m, eta 0m)
14:11:19 [16/80] task_16 H=436 paths=100/100 (0.0s, elapsed 0.0m, eta 0m)
14:11:19 [17/80] task_17 H=1315 paths=100/100 (0.1s, elapsed 0.0m, eta 0m)
14:11:19 [18/80] task_18 H=1239 paths=100/100 (0.1s, elapsed 0.0m, eta 0m)
14:11:19 [19/80] task_19 H=35 paths=100/100 (0.0s, elapsed 0.0m, eta 0m)
14:11:19 [20/80] task_20 H=59 paths=100/100 (0.0s, elapsed 0.0m, eta 0m)
14:11:19 [21/80] task_21 H=234 paths=100/100 (0.0s, elapsed 0.0m, eta 0m)
14:11:19 [22/80] task_22 H=43 paths=100/100 (0.0s, elapsed 0.0m, eta 0m)
14:11:19 [23/80] task_23 H=43 paths=100/100 (0.0s, elapsed 0.0m, eta 0m)
14:11:19 [24/80] task_24 H=59 paths=100/100 (0.0s, elapsed 0.0m, eta 0m)
14:11:19 [25/80] task_25 H=43 paths=100/100 (0.0s, elapsed 0.0m, eta 0m)
14:11:19 [26/80] task_26 H=90 paths=100/100 (0.0s, elapsed 0.0m, eta 0m)
14:11:19 [27/80] task_27 H=234 paths=100/100 (0.0s, elapsed 0.0m, eta 0m)
14:11:19 [28/80] task_28 H=43 paths=100/100 (0.0s, elapsed 0.0m, eta 0m)
14:11:19 [29/80] task_29 H=43 paths=100/100 (0.0s, elapsed 0.0m, eta 0m)
14:11:19 [30/80] task_30 H=90 paths=100/100 (0.0s, elapsed 0.0m, eta 0m)
14:11:19 [31/80] task_31 H=90 paths=100/100 (0.0s, elapsed 0.0m, eta 0m)
14:11:19 [32/80] task_32 H=63 paths=100/100 (0.0s, elapsed 0.0m, eta 0m)
14:11:19 [33/80] task_33 H=63 paths=100/100 (0.0s, elapsed 0.0m, eta 0m)
14:11:19 [34/80] task_34 H=63 paths=100/100 (0.0s, elapsed 0.0m, eta 0m)
14:11:19 [35/80] task_35 H=203 paths=100/100 (0.0s, elapsed 0.0m, eta 0m)
14:11:19 [36/80] task_36 H=64 paths=100/100 (0.0s, elapsed 0.0m, eta 0m)
14:11:19 [37/80] task_37 H=64 paths=100/100 (0.0s, elapsed 0.0m, eta 0m)
14:11:19 [38/80] task_38 H=92 paths=100/100 (0.0s, elapsed 0.0m, eta 0m)
14:11:19 [39/80] task_39 H=46 paths=100/100 (0.0s, elapsed 0.0m, eta 0m)
14:11:19 [40/80] task_40 H=110 paths=100/100 (0.0s, elapsed 0.0m, eta 0m)
14:11:19 [41/80] task_41 H=46 paths=100/100 (0.0s, elapsed 0.0m, eta 0m)
14:11:19 [42/80] task_241 FAILED ValueError: cannot convert NaN to integer ratio (0.0s, elapsed 0.0m, eta 0m)
14:11:19 [43/80] task_242 H=659 paths=100/100 (0.0s, elapsed 0.0m, eta 0m)
14:11:19 [44/80] task_243 FAILED ValueError: cannot convert NaN to integer ratio (0.0s, elapsed 0.0m, eta 0m)
14:11:19 [45/80] task_244 FAILED ValueError: cannot convert NaN to integer ratio (0.0s, elapsed 0.0m, eta 0m)
14:11:19 [46/80] task_245 FAILED ValueError: cannot convert NaN to integer ratio (0.0s, elapsed 0.0m, eta 0m)
14:11:19 [47/80] task_246 FAILED ValueError: cannot convert NaN to integer ratio (0.0s, elapsed 0.0m, eta 0m)
14:11:19 [48/80] task_247 FAILED ValueError: cannot convert NaN to integer ratio (0.0s, elapsed 0.0m, eta 0m)
14:11:19 [49/80] task_248 FAILED ValueError: cannot convert NaN to integer ratio (0.0s, elapsed 0.0m, eta 0m)
14:11:19 [50/80] task_249 FAILED ValueError: cannot convert NaN to integer ratio (0.0s, elapsed 0.0m, eta 0m)
14:11:19 [51/80] task_250 FAILED ValueError: cannot convert NaN to integer ratio (0.0s, elapsed 0.0m, eta 0m)
14:11:19 [52/80] task_251 FAILED ValueError: cannot convert NaN to integer ratio (0.0s, elapsed 0.0m, eta 0m)
14:11:19 [53/80] task_252 H=63 paths=100/100 (0.0s, elapsed 0.0m, eta 0m)
14:11:19 [54/80] task_253 FAILED ValueError: cannot convert NaN to integer ratio (0.0s, elapsed 0.0m, eta 0m)
14:11:19 [55/80] task_254 FAILED ValueError: cannot convert NaN to integer ratio (0.0s, elapsed 0.0m, eta 0m)
14:11:19 [56/80] task_255 FAILED ValueError: cannot convert NaN to integer ratio (0.0s, elapsed 0.0m, eta 0m)
14:11:20 [57/80] task_256 H=19 paths=100/100 (0.0s, elapsed 0.0m, eta 0m)
14:11:20 [58/80] task_257 H=19 paths=100/100 (0.0s, elapsed 0.0m, eta 0m)
14:11:20 [59/80] task_258 H=16 paths=100/100 (0.0s, elapsed 0.0m, eta 0m)
14:11:20 [60/80] task_259 H=15 paths=100/100 (0.0s, elapsed 0.0m, eta 0m)
14:11:20 [61/80] task_260 H=15 paths=100/100 (0.0s, elapsed 0.0m, eta 0m)
14:11:20 [62/80] task_261 H=70 paths=100/100 (0.0s, elapsed 0.0m, eta 0m)
14:11:20 [63/80] task_262 H=69 paths=100/100 (0.0s, elapsed 0.0m, eta 0m)
14:11:20 [64/80] task_263 H=64 paths=100/100 (0.0s, elapsed 0.0m, eta 0m)
14:11:20 [65/80] task_264 H=83 paths=100/100 (0.0s, elapsed 0.0m, eta 0m)
14:11:20 [66/80] task_265 H=83 paths=100/100 (0.0s, elapsed 0.0m, eta 0m)
14:11:20 [67/80] task_266 H=61 paths=100/100 (0.0s, elapsed 0.0m, eta 0m)
14:11:20 [68/80] task_267 H=61 paths=100/100 (0.0s, elapsed 0.0m, eta 0m)
14:11:20 [69/80] task_268 H=22 paths=100/100 (0.0s, elapsed 0.0m, eta 0m)
14:11:20 [70/80] task_269 H=22 paths=100/100 (0.0s, elapsed 0.0m, eta 0m)
14:11:20 [71/80] task_270 H=27 paths=100/100 (0.0s, elapsed 0.0m, eta 0m)
14:11:20 [72/80] task_271 H=22 paths=100/100 (0.0s, elapsed 0.0m, eta 0m)
14:11:20 [73/80] task_272 H=64 paths=100/100 (0.0s, elapsed 0.0m, eta 0m)
14:11:20 [74/80] task_273 H=170 paths=100/100 (0.0s, elapsed 0.0m, eta 0m)
14:11:20 [75/80] task_274 H=27 paths=100/100 (0.0s, elapsed 0.0m, eta 0m)
14:11:20 [76/80] task_275 H=22 paths=100/100 (0.0s, elapsed 0.0m, eta 0m)
14:11:20 [77/80] task_276 H=21 paths=100/100 (0.0s, elapsed 0.0m, eta 0m)
14:11:20 [78/80] task_277 H=27 paths=100/100 (0.0s, elapsed 0.0m, eta 0m)
14:11:20 [79/80] task_278 H=27 paths=100/100 (0.0s, elapsed 0.0m, eta 0m)
14:11:20 [80/80] task_279 H=26 paths=100/100 (0.0s, elapsed 0.0m, eta 0m)
wrote 67 forecasts to runs/baselines/seasonal_naive_hidden.jsonl

| baseline | sMAE | sRMSE | coverage | scored |
|---|---|---|---|---|
| seasonal_naive | - | - | 0.000 | 0/13 |
failure: ValueError: no sample trajectories to average
